<Level>
    <EditorSession>
        <Performance CamClipPlanes="0.05 1000" LightsActive="true" PSActive="true" ShowFog="true" ShowSkybox="true" WorldReflection="true" />
        <ViewportConfig BGColor="0.2 0.2 0.2 1" GAmbientLight="true" GPointLight="true" GridSnap="true" GridSnapSeparation="0.25" SelectedViewport="3" UsingEnlargedViewport="true">
            <Viewport CameraPosition="-4.5 5 180.5" CameraTarget="-4.5 5 0.5" CameraZoom="0" GridHeight="0.5" GridPlane="2" Preset="0" RenderMode="1" ShowAxes="true" ShowGrid="true" UsingLTCam="true" />
            <Viewport CameraPosition="175.5 5 0.5" CameraTarget="-4.5 5 0.5" CameraZoom="0" GridHeight="-4.5" GridPlane="0" Preset="1" RenderMode="1" ShowAxes="true" ShowGrid="true" UsingLTCam="true" />
            <Viewport CameraPosition="-4.5 185 0.5" CameraTarget="-4.5 5 0.5" CameraZoom="0" GridHeight="5" GridPlane="1" Preset="2" RenderMode="1" ShowAxes="true" ShowGrid="true" UsingLTCam="true" />
            <Viewport CameraPosition="-4.56563 12.0809 4.30856" CameraTarget="-4.5 5 0.5" CameraZoom="1.82754" GridHeight="5" GridPlane="1" Preset="3" RenderMode="0" ShowAxes="true" ShowGrid="false" UsingLTCam="false" />
        </ViewportConfig>
        <Groups>
            <Group ID="0" Name="None" Visible="true" />
        </Groups>
    </EditorSession>
    <MapData FogActive="false" FogColor="1 1 1 1" FogCulling="true" FogEnd="20" FogFalloffExp="1" FogStart="0" GlobalDecalMaxTris="300" Name="" SkyBoxActive="false" SkyBoxColor="1 1 1 1" SkyBoxTexture="">
        <MapContents>
            <FileIndex_StaticObjects NumOfFiles="0" />
            <FileIndex_Entities NumOfFiles="0" />
            <FileIndex_Decals NumOfFiles="0" />
            <StaticObjects />
            <Primitives />
            <Decals />
            <Entities>
                <Area Active="true" AreaType="Script" Group="0" ID="25" Mesh="" Name="DIE" Rotation="0 0 0" Scale="4.25 1 5.25" Tag="" WorldPos="-4.5 5 0.5">
                    <UserVariables>
                        <Var Name="PlayerLookAtCallback" Value="" />
                        <Var Name="PlayerLookAtCallbackAutoRemove" Value="true" />
                        <Var Name="PlayerInteractCallback" Value="" />
                        <Var Name="PlayerInteractCallbackAutoRemove" Value="false" />
                        <Var Name="ItemInteraction" Value="false" />
                        <Var Name="MaxFocusDistance" Value="-1" />
                    </UserVariables>
                </Area>
                <Area Active="true" AreaType="PlayerStart" Group="0" ID="35" Mesh="" Name="PlayerStartArea_1" Rotation="0 1.5708 -1.57079" Scale="1 1 1" Tag="" WorldPos="-4.5 5 0.5">
                    <UserVariables />
                </Area>
            </Entities>
            <Misc />
            <StaticObjectCombos />
        </MapContents>
    </MapData>
</Level>
